// Jest Snapshot v1, https://goo.gl/fbAQLP

exports[`Contorl should match snapshot 1`] = `
ShallowWrapper {
  Symbol(enzyme.__root__): [Circular],
  Symbol(enzyme.__unrendered__): <Control />,
  Symbol(enzyme.__renderer__): Object {
    "batchedUpdates": [Function],
    "checkPropTypes": [Function],
    "getNode": [Function],
    "render": [Function],
    "simulateError": [Function],
    "simulateEvent": [Function],
    "unmount": [Function],
  },
  Symbol(enzyme.__node__): Object {
    "instance": null,
    "key": undefined,
    "nodeType": "host",
    "props": Object {
      "children": Array [
        <Link
          className="people-direct"
          to="/people"
        >
          <button>
            People
          </button>
        </Link>,
        <Link
          className="planets-direct"
          to="/planets"
        >
          <button>
            Planets
          </button>
        </Link>,
        <Link
          className="vehicles-direct"
          to="/vehicles"
        >
          <button>
            Vehicles
          </button>
        </Link>,
      ],
      "className": "btn-container",
    },
    "ref": null,
    "rendered": Array [
      Object {
        "instance": null,
        "key": undefined,
        "nodeType": "class",
        "props": Object {
          "children": <button>
            People
          </button>,
          "className": "people-direct",
          "to": "/people",
        },
        "ref": null,
        "rendered": Object {
          "instance": null,
          "key": undefined,
          "nodeType": "host",
          "props": Object {
            "children": "People",
          },
          "ref": null,
          "rendered": "People",
          "type": "button",
        },
        "type": [Function],
      },
      Object {
        "instance": null,
        "key": undefined,
        "nodeType": "class",
        "props": Object {
          "children": <button>
            Planets
          </button>,
          "className": "planets-direct",
          "to": "/planets",
        },
        "ref": null,
        "rendered": Object {
          "instance": null,
          "key": undefined,
          "nodeType": "host",
          "props": Object {
            "children": "Planets",
          },
          "ref": null,
          "rendered": "Planets",
          "type": "button",
        },
        "type": [Function],
      },
      Object {
        "instance": null,
        "key": undefined,
        "nodeType": "class",
        "props": Object {
          "children": <button>
            Vehicles
          </button>,
          "className": "vehicles-direct",
          "to": "/vehicles",
        },
        "ref": null,
        "rendered": Object {
          "instance": null,
          "key": undefined,
          "nodeType": "host",
          "props": Object {
            "children": "Vehicles",
          },
          "ref": null,
          "rendered": "Vehicles",
          "type": "button",
        },
        "type": [Function],
      },
    ],
    "type": "div",
  },
  Symbol(enzyme.__nodes__): Array [
    Object {
      "instance": null,
      "key": undefined,
      "nodeType": "host",
      "props": Object {
        "children": Array [
          <Link
            className="people-direct"
            to="/people"
          >
            <button>
              People
            </button>
          </Link>,
          <Link
            className="planets-direct"
            to="/planets"
          >
            <button>
              Planets
            </button>
          </Link>,
          <Link
            className="vehicles-direct"
            to="/vehicles"
          >
            <button>
              Vehicles
            </button>
          </Link>,
        ],
        "className": "btn-container",
      },
      "ref": null,
      "rendered": Array [
        Object {
          "instance": null,
          "key": undefined,
          "nodeType": "class",
          "props": Object {
            "children": <button>
              People
            </button>,
            "className": "people-direct",
            "to": "/people",
          },
          "ref": null,
          "rendered": Object {
            "instance": null,
            "key": undefined,
            "nodeType": "host",
            "props": Object {
              "children": "People",
            },
            "ref": null,
            "rendered": "People",
            "type": "button",
          },
          "type": [Function],
        },
        Object {
          "instance": null,
          "key": undefined,
          "nodeType": "class",
          "props": Object {
            "children": <button>
              Planets
            </button>,
            "className": "planets-direct",
            "to": "/planets",
          },
          "ref": null,
          "rendered": Object {
            "instance": null,
            "key": undefined,
            "nodeType": "host",
            "props": Object {
              "children": "Planets",
            },
            "ref": null,
            "rendered": "Planets",
            "type": "button",
          },
          "type": [Function],
        },
        Object {
          "instance": null,
          "key": undefined,
          "nodeType": "class",
          "props": Object {
            "children": <button>
              Vehicles
            </button>,
            "className": "vehicles-direct",
            "to": "/vehicles",
          },
          "ref": null,
          "rendered": Object {
            "instance": null,
            "key": undefined,
            "nodeType": "host",
            "props": Object {
              "children": "Vehicles",
            },
            "ref": null,
            "rendered": "Vehicles",
            "type": "button",
          },
          "type": [Function],
        },
      ],
      "type": "div",
    },
  ],
  Symbol(enzyme.__options__): Object {
    "adapter": ReactSixteenAdapter {
      "options": Object {
        "enableComponentDidUpdateOnSetState": true,
        "legacyContextMode": "parent",
        "lifecycles": Object {
          "componentDidUpdate": Object {
            "onSetState": true,
          },
          "getChildContext": Object {
            "calledByRenderer": false,
          },
          "getDerivedStateFromProps": Object {
            "hasShouldComponentUpdateBug": false,
          },
          "getSnapshotBeforeUpdate": true,
          "setState": Object {
            "skipsComponentDidUpdateOnNullish": true,
          },
        },
      },
    },
  },
}
`;

exports[`Control should match snapshot 1`] = `
ShallowWrapper {
  Symbol(enzyme.__root__): [Circular],
  Symbol(enzyme.__unrendered__): <Control />,
  Symbol(enzyme.__renderer__): Object {
    "batchedUpdates": [Function],
    "checkPropTypes": [Function],
    "getNode": [Function],
    "render": [Function],
    "simulateError": [Function],
    "simulateEvent": [Function],
    "unmount": [Function],
  },
  Symbol(enzyme.__node__): Object {
    "instance": null,
    "key": undefined,
    "nodeType": "host",
    "props": Object {
      "children": Array [
        <Link
          className="people-direct"
          to="/people"
        >
          <button>
            People
          </button>
        </Link>,
        <Link
          className="planets-direct"
          to="/planets"
        >
          <button>
            Planets
          </button>
        </Link>,
        <Link
          className="vehicles-direct"
          to="/vehicles"
        >
          <button>
            Vehicles
          </button>
        </Link>,
      ],
      "className": "btn-container",
    },
    "ref": null,
    "rendered": Array [
      Object {
        "instance": null,
        "key": undefined,
        "nodeType": "class",
        "props": Object {
          "children": <button>
            People
          </button>,
          "className": "people-direct",
          "to": "/people",
        },
        "ref": null,
        "rendered": Object {
          "instance": null,
          "key": undefined,
          "nodeType": "host",
          "props": Object {
            "children": "People",
          },
          "ref": null,
          "rendered": "People",
          "type": "button",
        },
        "type": [Function],
      },
      Object {
        "instance": null,
        "key": undefined,
        "nodeType": "class",
        "props": Object {
          "children": <button>
            Planets
          </button>,
          "className": "planets-direct",
          "to": "/planets",
        },
        "ref": null,
        "rendered": Object {
          "instance": null,
          "key": undefined,
          "nodeType": "host",
          "props": Object {
            "children": "Planets",
          },
          "ref": null,
          "rendered": "Planets",
          "type": "button",
        },
        "type": [Function],
      },
      Object {
        "instance": null,
        "key": undefined,
        "nodeType": "class",
        "props": Object {
          "children": <button>
            Vehicles
          </button>,
          "className": "vehicles-direct",
          "to": "/vehicles",
        },
        "ref": null,
        "rendered": Object {
          "instance": null,
          "key": undefined,
          "nodeType": "host",
          "props": Object {
            "children": "Vehicles",
          },
          "ref": null,
          "rendered": "Vehicles",
          "type": "button",
        },
        "type": [Function],
      },
    ],
    "type": "div",
  },
  Symbol(enzyme.__nodes__): Array [
    Object {
      "instance": null,
      "key": undefined,
      "nodeType": "host",
      "props": Object {
        "children": Array [
          <Link
            className="people-direct"
            to="/people"
          >
            <button>
              People
            </button>
          </Link>,
          <Link
            className="planets-direct"
            to="/planets"
          >
            <button>
              Planets
            </button>
          </Link>,
          <Link
            className="vehicles-direct"
            to="/vehicles"
          >
            <button>
              Vehicles
            </button>
          </Link>,
        ],
        "className": "btn-container",
      },
      "ref": null,
      "rendered": Array [
        Object {
          "instance": null,
          "key": undefined,
          "nodeType": "class",
          "props": Object {
            "children": <button>
              People
            </button>,
            "className": "people-direct",
            "to": "/people",
          },
          "ref": null,
          "rendered": Object {
            "instance": null,
            "key": undefined,
            "nodeType": "host",
            "props": Object {
              "children": "People",
            },
            "ref": null,
            "rendered": "People",
            "type": "button",
          },
          "type": [Function],
        },
        Object {
          "instance": null,
          "key": undefined,
          "nodeType": "class",
          "props": Object {
            "children": <button>
              Planets
            </button>,
            "className": "planets-direct",
            "to": "/planets",
          },
          "ref": null,
          "rendered": Object {
            "instance": null,
            "key": undefined,
            "nodeType": "host",
            "props": Object {
              "children": "Planets",
            },
            "ref": null,
            "rendered": "Planets",
            "type": "button",
          },
          "type": [Function],
        },
        Object {
          "instance": null,
          "key": undefined,
          "nodeType": "class",
          "props": Object {
            "children": <button>
              Vehicles
            </button>,
            "className": "vehicles-direct",
            "to": "/vehicles",
          },
          "ref": null,
          "rendered": Object {
            "instance": null,
            "key": undefined,
            "nodeType": "host",
            "props": Object {
              "children": "Vehicles",
            },
            "ref": null,
            "rendered": "Vehicles",
            "type": "button",
          },
          "type": [Function],
        },
      ],
      "type": "div",
    },
  ],
  Symbol(enzyme.__options__): Object {
    "adapter": ReactSixteenAdapter {
      "options": Object {
        "enableComponentDidUpdateOnSetState": true,
        "legacyContextMode": "parent",
        "lifecycles": Object {
          "componentDidUpdate": Object {
            "onSetState": true,
          },
          "getChildContext": Object {
            "calledByRenderer": false,
          },
          "getDerivedStateFromProps": Object {
            "hasShouldComponentUpdateBug": false,
          },
          "getSnapshotBeforeUpdate": true,
          "setState": Object {
            "skipsComponentDidUpdateOnNullish": true,
          },
        },
      },
    },
  },
}
`;
